// Jest Snapshot v1, https://goo.gl/fbAQLP

exports[`renders related items section with several items correctly 1`] = `
<div
  className="row"
>
  <div
    className="section"
  >
    <h2>
      Related Items
       
      (3)
    </h2>
    <div
      className="related-cards-container"
    >
      <div
        className="related-item-card-container col-1-3 padded"
      >
        <div
          className="related-item-card"
        >
          <img
            alt="Thumbnail for To The Fair (Pt 2)"
            className="card-hero"
            src="https://archive.org/services/img/ToTheFairB"
          />
          <div
            className="card-content"
          >
            <h3>
              <strong>
                <a
                  href="/ToTheFairB"
                  onClick={[Function]}
                >
                  To The Fair (Pt 2)
                </a>
              </strong>
            </h3>
            <p>
              Media type: 
              movies
            </p>
            <p>
              Provides a trip to the New York World's Fair of 1965, showing the various activities at the fair.
            </p>
          </div>
        </div>
      </div>
      <div
        className="related-item-card-container col-1-3 padded"
      >
        <div
          className="related-item-card"
        >
          <img
            alt="Thumbnail for Reasons Why, The (Part I)"
            className="card-hero"
            src="https://archive.org/services/img/reasons_why_1"
          />
          <div
            className="card-content"
          >
            <h3>
              <strong>
                <a
                  href="/reasons_why_1"
                  onClick={[Function]}
                >
                  Reasons Why, The (Part I)
                </a>
              </strong>
            </h3>
            <p>
              Media type: 
              movies
            </p>
            <p>
              Television manufacturing at RCA's New Jersey plant. Includes scenes of design, engineering and quality control. Great scenes of TVs with flickering test patterns.
            </p>
          </div>
        </div>
      </div>
      <div
        className="related-item-card-container col-1-3 padded"
      >
        <div
          className="related-item-card"
        >
          <img
            alt="Thumbnail for Along the Way"
            className="card-hero"
            src="https://archive.org/services/img/along_the_way"
          />
          <div
            className="card-content"
          >
            <h3>
              <strong>
                <a
                  href="/along_the_way"
                  onClick={[Function]}
                >
                  Along the Way
                </a>
              </strong>
            </h3>
            <p>
              Media type: 
              movies
            </p>
            <p>
              Depicts actual construction progress throughout the San Francisco Bay Area Rapid Transit System during 1967-68, emphasizing the original and continuing aims of the district--to provide safe, fast, economical and comfortable mass transit, thereby eliminating traffic congestion and preserving the beauty and character of the area.
            </p>
          </div>
        </div>
      </div>
    </div>
  </div>
</div>
`;

exports[`renders review section with no reviews correctly 1`] = `
<div
  className="row"
>
  <div
    className="section"
  >
    <h2>
      Related Items
       
    </h2>
    <p>
      No related items.
    </p>
  </div>
</div>
`;

exports[`renders review section with undefined reviews object correctly 1`] = `
<div
  className="row"
>
  <div
    className="section"
  >
    <h2>
      Related Items
       
    </h2>
    <p>
      No related items.
    </p>
  </div>
</div>
`;
