// Jest Snapshot v1, https://goo.gl/fbAQLP

exports[`renders related item card correctly 1`] = `
<div
  className="related-item-card-container col-1-3 padded"
>
  <div
    className="related-item-card"
  >
    <img
      alt="Thumbnail for Along the Way"
      className="card-hero"
      src="https://archive.org/services/img/along_the_way"
    />
    <div
      className="card-content"
    >
      <h3>
        <strong>
          <a
            href="/along_the_way"
            onClick={[Function]}
          >
            Along the Way
          </a>
        </strong>
      </h3>
      <p>
        Media type: 
        movies
      </p>
      <p>
        Depicts actual construction progress throughout the San Francisco Bay Area Rapid Transit System during 1967-68, emphasizing the original and continuing aims of the district--to provide safe, fast, economical and comfortable mass transit, thereby eliminating traffic congestion and preserving the beauty and character of the area.
      </p>
    </div>
  </div>
</div>
`;
